
4 verbose run-script [ 'prestart', 'start', 'poststart' ]
5 info lifecycle location@0.0.0~prestart: location@0.0.0
6 silly lifecycle location@0.0.0~prestart: no script for prestart, continuing
7 info lifecycle location@0.0.0~start: location@0.0.0
8 verbose lifecycle location@0.0.0~start: unsafe-perm in lifecycle true
9 verbose lifecycle location@0.0.0~start: PATH: C:\Program Files\nodejs\node_modules\npm\bin\node-gyp-bin;D:\work\location\node_modules\.bin;C:\Users\dell\bin;D:\Program Files\Git\mingw64\bin;D:\Program Files\Git\usr\local\bin;D:\Program Files\Git\usr\bin;D:\Program Files\Git\usr\bin;D:\Program Files\Git\mingw64\bin;D:\Program Files\Git\usr\bin;C:\Users\dell\bin;C:\windows\system32;C:\windows;C:\windows\System32\Wbem;C:\windows\System32\WindowsPowerShell\v1.0;D:\phpStudy\php\php-5.6.27-nts\php.exe;D:\phpStudy\php\php-5.6.27-nts;C:\ProgramData\ComposerSetup\bin;D:\Program Files\Git\cmd;C:\Program Files\TortoiseGit\bin;C:\Program Files\nodejs;C:\Users\dell\AppData\Roaming\Composer\vendor\bin;C:\Users\dell\AppData\Roaming\npm;D:\learn\red;D:\Program Files\Git\usr\bin\vendor_perl;D:\Program Files\Git\usr\bin\core_perl
10 verbose lifecycle location@0.0.0~start: CWD: D:\work\location
1 silly lifecycle location@0.0.0~start: Args: [ '/d /s /c', 'node ./bin/www "bin/www"' ]
12 silly lifecycle location@0.0.0~start: Returned: code: 1  signal: null
13 info lifecycle location@0.0.0~start: Failed to exec start script
14 verbose stack Error: location@0.0.0 start: `node ./bin/www "bin/www"`
14 verbose stack Exit status 1
14 verbose stack     at EventEmitter.<anonymous> (C:\Program Files\nodejs\node_modules\npm\lib\utils\lifecycle.js:255:16)
14 verbose stack     at emitTwo (events.js:106:13)
14 verbose stack     at EventEmitter.emit (events.js:191:7)
14 verbose stack     at ChildProcess.<anonymous> (C:\Program Files\nodejs\node_modules\npm\lib\utils\spawn.js:40:14)
14 verbose stack     at emitTwo (events.js:106:13)
14 verbose stack     at ChildProcess.emit (events.js:191:7)
14 verbose stack     at maybeClose (internal/child_process.js:891:16)
14 verbose stack     at Process.ChildProcess._handle.onexit (internal/child_process.js:226:5)
15 verbose pkgid location@0.0.0
16 verbose cwd D:\work\location
17 error Windows_NT 6.1.7601
18 error argv "C:\\Program Files\\nodejs\\node.exe" "C:\\Program Files\\nodejs\\node_modules\\npm\\bin\\npm-cli.js" "start" "bin/www"
19 error node v6.11.2
20 error npm  v3.10.10
21 error code ELIFECYCLE
22 error location@0.0.0 start: `node ./bin/www "bin/www"`
22 error Exit status 1
23 error Failed at the location@0.0.0 start script 'node ./bin/www "bin/www"'.
23 error Make sure you have the latest version of node.js and npm installed.
23 error If you do, this is most likely a problem with the location package,
23 error not with npm itself.
23 error Tell the author that this fails on your system:
23 error     node ./bin/www "bin/www"
23 error You can get information on how to open an issue for this project with:
23 error     npm bugs location
23 error Or if that isn't available, you can get their info via:
23 error     npm owner ls location
23 error There is likely additional logging output above.
24 verbose exit [ 1, true ]
